Luís Martins@DESKTOP-D5TTCNE MINGW64 /f/frequencia_aca/Comandos Git


Alterações feitas estando no Branch Master



git config --global user.name "Luis Martins"
git config --global user.email "luis@mail.pt"

É usado depois de instalat o Git, sendo importante:
	- O nome de utilizador
	- Email

$ git init
Initialized empty Git repository in F:/frequencia_aca/Comandos Git/.git/

$ git status
mostra o status dos docmentos na pasta de git.
 
Luís Martins@DESKTOP-D5TTCNE MINGW64 /f/frequencia_aca/Comandos Git (master)
$ git add "Comandos GitHub.txt"

Adicionar um ficheiro para ser seguido.

Sem ser commitado, o ficheiro adicionado tera o seguinte status

Luís Martins@DESKTOP-D5TTCNE MINGW64 /f/frequencia_aca/Comandos Git (master)
$ git status
On branch master

Initial commit

Changes to be committed:
  (use "git rm --cached <file>..." to unstage)

        new file:   Comandos GitHub.txt

Para confirmar o add do ficheiro ao Git usa-se o commit como em baixo se mostra.

Luís Martins@DESKTOP-D5TTCNE MINGW64 /f/frequencia_aca/Comandos Git (master)
$ git commit -m "Primeiro Commit"
[master (root-commit) 17a01bf] Primeiro Commit
 1 file changed, 4 insertions(+)
 create mode 100644 Comandos GitHub.txt


ATENÇÃO!!!

O git checkout desfaz todas as alterações produzidas num ficheiro desde o ultimo commit.

Se fizermos git checkout, teremos inclusivamente que voltar a fazer o Add e o Commit, como se fosse a 1ª vez.

Uma vez o ficheiro a ser seguido, cada alteração produzida, sempre que for pedido o status o git informa que foram feitas
alterações até que seja feito novo add e novo commit.

Clonar um repositorio existente
git clone <<endereço de onde se vai clonar>> //<<Significa que é sem aspas


o Git Log produz toda a informação sobre a ação de um utilizador

Luís Martins@DESKTOP-D5TTCNE MINGW64 /f/frequencia_aca/Comandos Git (master)
$ git log
commit 87cdf6f63f1cbfa78252721b44d5ea1e0a771612
Author: Luis Martins <lcbmartins@iol.pt>
Date:   Tue Dec 13 17:28:46 2016 +0000

    Comite segundo

commit 95e86c0027e30c1b44b819228841291cf9402add
Author: Luis Martins <lcbmartins@iol.pt>
Date:   Tue Dec 13 17:24:07 2016 +0000

    Comite inicial

commit 17a01bf1671debbeab42f29244a84ca4de1d5b08
Author: Luis Martins <lcbmartins@iol.pt>
Date:   Tue Dec 13 17:06:24 2016 +0000

    Primeiro Commit

git reset --hard
retira as alterações da staging area e as alterações nos ficheiros também são eliminadas.


Branches (ramos)
São apontadores para os commits

Criar um branch

git branch Luis

Apagar um branch mas verifica se há referencias

git branch -d Luis

Apagar um branch mas SEM verificar se há referencias

git branch -D Luis

Nomeia um branch atual para outro nome

git branch -m Carlos

Para mudar de branch (estando no branch Master e queremos ir para o Branch Luis) 

git checkout Luis

Ultima